#-----------------------------------------------------------
# Vivado v2014.2 (64-bit)
# SW Build 932637 on Wed Jun 11 13:12:34 MDT 2014
# IP Build 924643 on Fri May 30 09:20:16 MDT 2014
# Start of session at: Sat Nov 29 01:02:22 2014
# Process ID: 199772
# Log file: /scratch/skarandikar/fpga-zynq/zc706/zc706_rocketchip/vivado.log
# Journal file: /scratch/skarandikar/fpga-zynq/zc706/zc706_rocketchip/vivado.jou
#-----------------------------------------------------------
start_gui
open_project zc706_rocketchip.xpr
reset_run synth_1
launch_runs impl_1 -to_step write_bitstream
wait_on_run impl_1
open_run impl_1
file copy -force /scratch/skarandikar/fpga-zynq/zc706/zc706_rocketchip/zc706_rocketchip.runs/impl_1/rocketchip_wrapper.sysdef /scratch/skarandikar/fpga-zynq/zc706/zc706_rocketchip/zc706_rocketchip.sdk/rocketchip_wrapper.hdf

launch_sdk -workspace /scratch/skarandikar/fpga-zynq/zc706/zc706_rocketchip/zc706_rocketchip.sdk -hwspec /scratch/skarandikar/fpga-zynq/zc706/zc706_rocketchip/zc706_rocketchip.sdk/rocketchip_wrapper.hdf
reset_run synth_1
launch_runs impl_1 -to_step write_bitstream
wait_on_run impl_1
refresh_design
file copy -force /scratch/skarandikar/fpga-zynq/zc706/zc706_rocketchip/zc706_rocketchip.runs/impl_1/rocketchip_wrapper.sysdef /scratch/skarandikar/fpga-zynq/zc706/zc706_rocketchip/zc706_rocketchip.sdk/rocketchip_wrapper.hdf

file copy -force /scratch/skarandikar/fpga-zynq/zc706/zc706_rocketchip/zc706_rocketchip.runs/impl_1/rocketchip_wrapper.sysdef /scratch/skarandikar/fpga-zynq/zc706/zc706_rocketchip/zc706_rocketchip.sdk/rocketchip_wrapper.hdf

launch_sdk -workspace /scratch/skarandikar/fpga-zynq/zc706/zc706_rocketchip/zc706_rocketchip.sdk -hwspec /scratch/skarandikar/fpga-zynq/zc706/zc706_rocketchip/zc706_rocketchip.sdk/rocketchip_wrapper.hdf
