#-----------------------------------------------------------
# Vivado v2014.2 (64-bit)
# SW Build 932637 on Wed Jun 11 13:12:34 MDT 2014
# IP Build 924643 on Fri May 30 09:20:16 MDT 2014
# Start of session at: Fri Nov 14 18:28:11 2014
# Process ID: 155366
# Log file: /scratch/skarandikar/fpga-zynq/zc706/zc706_rocketchip/vivado.log
# Journal file: /scratch/skarandikar/fpga-zynq/zc706/zc706_rocketchip/vivado.jou
#-----------------------------------------------------------
start_gui
open_project zc706_rocketchip.xpr
open_bd_design {/scratch/skarandikar/fpga-zynq/zc706/zc706_rocketchip/zc706_rocketchip.srcs/sources_1/bd/system/system.bd}
delete_bd_objs [get_bd_intf_nets processing_system7_0_GMII_ETHERNET_1] [get_bd_intf_ports GMII_ETHERNET_1]
delete_bd_objs [get_bd_intf_nets processing_system7_0_MDIO_ETHERNET_1] [get_bd_intf_ports MDIO_ETHERNET_1]
delete_bd_objs [get_bd_intf_nets processing_system7_0_PTP_ETHERNET_1] [get_bd_intf_ports PTP_ETHERNET_1]
delete_bd_objs [get_bd_nets ENET1_EXT_INTIN_1] [get_bd_ports ENET1_EXT_INTIN]
startgroup
set_property -dict [list CONFIG.PCW_ENET1_PERIPHERAL_ENABLE {0}] [get_bd_cells processing_system7_0]
endgroup
save_bd_design
close_bd_design [get_bd_designs system]
reset_run synth_1
launch_runs impl_1 -to_step write_bitstream
wait_on_run impl_1
reset_run synth_1
launch_runs impl_1 -to_step write_bitstream
wait_on_run impl_1
reset_run synth_1
launch_runs impl_1 -to_step write_bitstream
wait_on_run impl_1
open_run impl_1
file copy -force /scratch/skarandikar/fpga-zynq/zc706/zc706_rocketchip/zc706_rocketchip.runs/impl_1/rocketchip_wrapper.sysdef /scratch/skarandikar/fpga-zynq/zc706/zc706_rocketchip/zc706_rocketchip.sdk/rocketchip_wrapper.hdf

launch_sdk -workspace /scratch/skarandikar/fpga-zynq/zc706/zc706_rocketchip/zc706_rocketchip.sdk -hwspec /scratch/skarandikar/fpga-zynq/zc706/zc706_rocketchip/zc706_rocketchip.sdk/rocketchip_wrapper.hdf
